coder v0.0.0-devel

[93mUSAGE:[0m
  coder server postgres-builtin-serve [flags]

  Run the built-in PostgreSQL deployment.

[93mOPTIONS:[0m
      [94m--[0m[94mraw-url[0m bool
          Output the raw connection URL instead of a psql command.

â€”â€”â€”
Run `coder --help` for a list of global options.
