coder v0.0.0-devel

[93mUSAGE:[0m
  coder logout [flags]

  Unauthenticate your local session

[93mOPTIONS:[0m
  [94m-[0m[94my[0m, [94m--[0m[94myes[0m bool
          Bypass prompts.

â€”â€”â€”
Run `coder --help` for a list of global options.
