coder v0.0.0-devel

[93mUSAGE:[0m
  coder stat mem [flags]

  Show memory usage, in gigabytes.

[93mOPTIONS:[0m
      [94m--[0m[94mhost[0m bool
          Force host memory measurement.

  [94m-[0m[94mo[0m, [94m--[0m[94moutput[0m string (default: text)
          Output format. Available formats: text, json.

      [94m--[0m[94mprefix[0m Ki|Mi|Gi|Ti (default: Gi)
          SI Prefix for memory measurement.

â€”â€”â€”
Run `coder --help` for a list of global options.
