coder v0.0.0-devel

[93mUSAGE:[0m
  coder publickey [flags]

  Output your Coder public key used for Git operations

  Aliases: pubkey

[93mOPTIONS:[0m
      [94m--[0m[94mreset[0m bool
          Regenerate your public key. This will require updating the key on any
          services it's registered with.

  [94m-[0m[94my[0m, [94m--[0m[94myes[0m bool
          Bypass prompts.

â€”â€”â€”
Run `coder --help` for a list of global options.
