coder v0.0.0-devel

[93mUSAGE:[0m
  coder stat disk [flags]

  Show disk usage, in gigabytes.

[93mOPTIONS:[0m
  [94m-[0m[94mo[0m, [94m--[0m[94moutput[0m string (default: text)
          Output format. Available formats: text, json.

      [94m--[0m[94mpath[0m string (default: /)
          Path for which to check disk usage.

      [94m--[0m[94mprefix[0m Ki|Mi|Gi|Ti (default: Gi)
          SI Prefix for disk measurement.

â€”â€”â€”
Run `coder --help` for a list of global options.
