coder v0.0.0-devel

[93mUSAGE:[0m
  coder templates list [flags]

  List all the templates available for the organization

  Aliases: ls

[93mOPTIONS:[0m
  [94m-[0m[94mc[0m, [94m--[0m[94mcolumn[0m string-array (default: name,last updated,used by)
          Columns to display in table output. Available columns: name, created
          at, last updated, organization id, provisioner, active version id,
          used by, default ttl.

  [94m-[0m[94mo[0m, [94m--[0m[94moutput[0m string (default: table)
          Output format. Available formats: table, json.

â€”â€”â€”
Run `coder --help` for a list of global options.
