coder v0.0.0-devel

[93mUSAGE:[0m
  coder delete [flags] <workspace>

  Delete a workspace

  Aliases: rm

[93mOPTIONS:[0m
      [94m--[0m[94morphan[0m bool
          Delete a workspace without deleting its resources. This can delete a
          workspace in a broken state, but may also lead to unaccounted cloud
          resources.

  [94m-[0m[94my[0m, [94m--[0m[94myes[0m bool
          Bypass prompts.

â€”â€”â€”
Run `coder --help` for a list of global options.
