coder v0.0.0-devel

[93mUSAGE:[0m
  coder login [flags] <url>

  Authenticate with Coder deployment

[93mOPTIONS:[0m
      [94m--[0m[94mfirst-user-email[0m string, [94m$CODER_FIRST_USER_EMAIL[0m
          Specifies an email address to use if creating the first user for the
          deployment.

      [94m--[0m[94mfirst-user-password[0m string, [94m$CODER_FIRST_USER_PASSWORD[0m
          Specifies a password to use if creating the first user for the
          deployment.

      [94m--[0m[94mfirst-user-trial[0m bool, [94m$CODER_FIRST_USER_TRIAL[0m
          Specifies whether a trial license should be provisioned for the Coder
          deployment or not.

      [94m--[0m[94mfirst-user-username[0m string, [94m$CODER_FIRST_USER_USERNAME[0m
          Specifies a username to use if creating the first user for the
          deployment.

      [94m--[0m[94muse-token-as-session[0m bool
          By default, the CLI will generate a new session token when logging in.
          This flag will instead use the provided token as the session token.

â€”â€”â€”
Run `coder --help` for a list of global options.
