coder v0.0.0-devel

[93mUSAGE:[0m
  coder ping [flags] <workspace>

  Ping a workspace

[93mOPTIONS:[0m
  [94m-[0m[94mn[0m, [94m--[0m[94mnum[0m int (default: 10)
          Specifies the number of pings to perform.

  [94m-[0m[94mt[0m, [94m--[0m[94mtimeout[0m duration (default: 5s)
          Specifies how long to wait for a ping to complete.

      [94m--[0m[94mwait[0m duration (default: 1s)
          Specifies how long to wait between pings.

â€”â€”â€”
Run `coder --help` for a list of global options.
