coder v0.0.0-devel

[93mUSAGE:[0m
  coder templates pull [flags] <name> [destination]

  Download the latest version of a template to a path.

[93mOPTIONS:[0m
      [94m--[0m[94mtar[0m bool
          Output the template as a tar archive to stdout.

  [94m-[0m[94my[0m, [94m--[0m[94myes[0m bool
          Bypass prompts.

â€”â€”â€”
Run `coder --help` for a list of global options.
