coder v0.0.0-devel

[93mUSAGE:[0m
  coder users create [flags]

[93mOPTIONS:[0m
  [94m-[0m[94me[0m, [94m--[0m[94memail[0m string
          Specifies an email address for the new user.

      [94m--[0m[94mlogin-type[0m string
          Optionally specify the login type for the user. Valid values are:
          password, none, github, oidc. Using 'none' prevents the user from
          authenticating and requires an API key/token to be generated by an
          admin.

  [94m-[0m[94mp[0m, [94m--[0m[94mpassword[0m string
          Specifies a password for the new user.

  [94m-[0m[94mu[0m, [94m--[0m[94musername[0m string
          Specifies a username for the new user.

â€”â€”â€”
Run `coder --help` for a list of global options.
