coder v0.0.0-devel

[93mUSAGE:[0m
  coder users show [flags] <username|user_id|'me'>

  Show a single user. Use 'me' to indicate the currently authenticated user.

   $ coder users show me

[93mOPTIONS:[0m
  [94m-[0m[94mo[0m, [94m--[0m[94moutput[0m string (default: table)
          Output format. Available formats: table, json.

â€”â€”â€”
Run `coder --help` for a list of global options.
