coder v0.0.0-devel

[93mUSAGE:[0m
  coder create [flags] [name]

  Create a workspace

    - Create a workspace for another user (if you have permission):
  
       $ coder create <username>/<workspace_name>

[93mOPTIONS:[0m
      [94m--[0m[94mparameter[0m string-array, [94m$CODER_RICH_PARAMETER[0m
          Rich parameter value in the format "name=value".

      [94m--[0m[94mrich-parameter-file[0m string, [94m$CODER_RICH_PARAMETER_FILE[0m
          Specify a file path with values for rich parameters defined in the
          template.

      [94m--[0m[94mstart-at[0m string, [94m$CODER_WORKSPACE_START_AT[0m
          Specify the workspace autostart schedule. Check coder schedule start
          --help for the syntax.

      [94m--[0m[94mstop-after[0m duration, [94m$CODER_WORKSPACE_STOP_AFTER[0m
          Specify a duration after which the workspace should shut down (e.g.
          8h).

  [94m-[0m[94mt[0m, [94m--[0m[94mtemplate[0m string, [94m$CODER_TEMPLATE_NAME[0m
          Specify a template name.

  [94m-[0m[94my[0m, [94m--[0m[94myes[0m bool
          Bypass prompts.

â€”â€”â€”
Run `coder --help` for a list of global options.
