coder v0.0.0-devel

[93mUSAGE:[0m
  coder version [flags]

  Show coder version

[93mOPTIONS:[0m
  [94m-[0m[94mo[0m, [94m--[0m[94moutput[0m string (default: text)
          Output format. Available formats: text, json.

â€”â€”â€”
Run `coder --help` for a list of global options.
