coder v0.0.0-devel

[93mUSAGE:[0m
  coder [global-flags] <subcommand>

  Coder v0.0.0-devel â€” A tool for provisioning self-hosted development
  environments with Terraform.
    - Start a Coder server:
  
       $ coder server
  
    - Get started by creating a template from an example:
  
       $ coder templates init

[93mSUBCOMMANDS:[0m
    features           List Enterprise features
    groups             Manage groups
    licenses           Add, delete, and list licenses
    provisionerd       Manage provisioner daemons
    server             Start a Coder server

[93mGLOBAL OPTIONS:[0m 
Global options are applied to all commands. They can be set using environment
variables or flags.

      [94m--[0m[94mdebug-options[0m bool
          Print all options, how they're set, then exit.

      [94m--[0m[94mdisable-direct-connections[0m bool, [94m$CODER_DISABLE_DIRECT_CONNECTIONS[0m
          Disable direct (P2P) connections to workspaces.

      [94m--[0m[94mglobal-config[0m string, [94m$CODER_CONFIG_DIR[0m (default: ~/.config/coderv2)
          Path to the global `coder` config directory.

      [94m--[0m[94mheader[0m string-array, [94m$CODER_HEADER[0m
          Additional HTTP headers added to all requests. Provide as key=value.
          Can be specified multiple times.

      [94m--[0m[94mheader-command[0m string, [94m$CODER_HEADER_COMMAND[0m
          An external command that outputs additional HTTP headers added to all
          requests. The command must output each header as `key=value` on its
          own line.

      [94m--[0m[94mno-feature-warning[0m bool, [94m$CODER_NO_FEATURE_WARNING[0m
          Suppress warnings about unlicensed features.

      [94m--[0m[94mno-version-warning[0m bool, [94m$CODER_NO_VERSION_WARNING[0m
          Suppress warning when client and server versions do not match.

      [94m--[0m[94mtoken[0m string, [94m$CODER_SESSION_TOKEN[0m
          Specify an authentication token. For security reasons setting
          CODER_SESSION_TOKEN is preferred.

      [94m--[0m[94murl[0m url, [94m$CODER_URL[0m
          URL to a deployment.

  [94m-[0m[94mv[0m, [94m--[0m[94mverbose[0m bool, [94m$CODER_VERBOSE[0m
          Enable verbose output.

â€”â€”â€”
Report bugs and request features at https://github.com/coder/coder/issues/new
