coder v0.0.0-devel

[93mUSAGE:[0m
  coder server create-admin-user [flags]

  Create a new admin user with the given username, email and password and adds
  it to every organization.

[93mOPTIONS:[0m
      [94m--[0m[94memail[0m string, [94m$CODER_EMAIL[0m
          The email of the new user. If not specified, you will be prompted via
          stdin.

      [94m--[0m[94mpassword[0m string, [94m$CODER_PASSWORD[0m
          The password of the new user. If not specified, you will be prompted
          via stdin.

      [94m--[0m[94mpostgres-url[0m string, [94m$CODER_PG_CONNECTION_URL[0m
          URL of a PostgreSQL database. If empty, the built-in PostgreSQL
          deployment will be used (Coder must not be already running in this
          case).

      [94m--[0m[94mraw-url[0m bool
          Output the raw connection URL instead of a psql command.

      [94m--[0m[94mssh-keygen-algorithm[0m string, [94m$CODER_SSH_KEYGEN_ALGORITHM[0m (default: ed25519)
          The algorithm to use for generating ssh keys. Accepted values are
          "ed25519", "ecdsa", or "rsa4096".

      [94m--[0m[94musername[0m string, [94m$CODER_USERNAME[0m
          The username of the new user. If not specified, you will be prompted
          via stdin.

â€”â€”â€”
Run `coder --help` for a list of global options.
