coder v0.0.0-devel

[93mUSAGE:[0m
  coder server dbcrypt decrypt [flags]

  Decrypt a previously encrypted database.

[93mOPTIONS:[0m
      [94m--[0m[94mkeys[0m string-array, [94m$CODER_EXTERNAL_TOKEN_ENCRYPTION_DECRYPT_KEYS[0m
          Keys required to decrypt existing data. Must be a comma-separated list
          of base64-encoded keys.

      [94m--[0m[94mpostgres-url[0m string, [94m$CODER_PG_CONNECTION_URL[0m
          The connection URL for the Postgres database.

  [94m-[0m[94my[0m, [94m--[0m[94myes[0m bool
          Bypass prompts.

â€”â€”â€”
Run `coder --help` for a list of global options.
