coder v0.0.0-devel

[93mUSAGE:[0m
  coder features list [flags]

  Aliases: ls

[93mOPTIONS:[0m
  [94m-[0m[94mc[0m, [94m--[0m[94mcolumn[0m string-array (default: Name,Entitlement,Enabled,Limit,Actual)
          Specify a column to filter in the table. Available columns are: Name,
          Entitlement, Enabled, Limit, Actual.

  [94m-[0m[94mo[0m, [94m--[0m[94moutput[0m string (default: table)
          Output format. Available formats are: table, json.

â€”â€”â€”
Run `coder --help` for a list of global options.
