coder v0.0.0-devel

[93mUSAGE:[0m
  coder licenses add [flags] [-f file | -l license]

  Add license to Coder deployment

[93mOPTIONS:[0m
      [94m--[0m[94mdebug[0m bool
          Output license claims for debugging.

  [94m-[0m[94mf[0m, [94m--[0m[94mfile[0m string
          Load license from file.

  [94m-[0m[94ml[0m, [94m--[0m[94mlicense[0m string
          License string.

â€”â€”â€”
Run `coder --help` for a list of global options.
