coder v0.0.0-devel

[93mUSAGE:[0m
  coder licenses list [flags]

  List licenses (including expired)

  Aliases: ls

[93mOPTIONS:[0m
  [94m-[0m[94mc[0m, [94m--[0m[94mcolumn[0m string-array (default: UUID,Expires At,Uploaded At,Features)
          Columns to display in table output. Available columns: id, uuid,
          uploaded at, features, expires at, trial.

  [94m-[0m[94mo[0m, [94m--[0m[94moutput[0m string (default: table)
          Output format. Available formats: table, json.

â€”â€”â€”
Run `coder --help` for a list of global options.
