coder v0.0.0-devel

[93mUSAGE:[0m
  coder groups edit [flags] <name>

  Edit a user group

[93mOPTIONS:[0m
  [94m-[0m[94ma[0m, [94m--[0m[94madd-users[0m string-array
          Add users to the group. Accepts emails or IDs.

  [94m-[0m[94mu[0m, [94m--[0m[94mavatar-url[0m string
          Update the group avatar.

      [94m--[0m[94mdisplay-name[0m string, [94m$CODER_DISPLAY_NAME[0m
          Optional human friendly name for the group.

  [94m-[0m[94mn[0m, [94m--[0m[94mname[0m string
          Update the group name.

  [94m-[0m[94mr[0m, [94m--[0m[94mrm-users[0m string-array
          Remove users to the group. Accepts emails or IDs.

â€”â€”â€”
Run `coder --help` for a list of global options.
