coder v0.0.0-devel

[93mUSAGE:[0m
  coder server dbcrypt delete [flags]

  Delete all encrypted data from the database. THIS IS A DESTRUCTIVE OPERATION.

  Aliases: rm

[93mOPTIONS:[0m
      [94m--[0m[94mpostgres-url[0m string, [94m$CODER_EXTERNAL_TOKEN_ENCRYPTION_POSTGRES_URL[0m
          The connection URL for the Postgres database.

  [94m-[0m[94my[0m, [94m--[0m[94myes[0m bool
          Bypass prompts.

â€”â€”â€”
Run `coder --help` for a list of global options.
